panel `intraday`: 1941 captures over 8 tickers -> ../results/intraday
  25/1941  (99s elapsed)
  50/1941  (181s elapsed)
  75/1941  (249s elapsed)
  100/1941  (328s elapsed)
  125/1941  (418s elapsed)
  150/1941  (503s elapsed)
  175/1941  (586s elapsed)
  200/1941  (676s elapsed)
  225/1941  (762s elapsed)
  250/1941  (842s elapsed)
  275/1941  (920s elapsed)
  300/1941  (998s elapsed)
  325/1941  (1082s elapsed)
  350/1941  (1156s elapsed)
  375/1941  (1244s elapsed)
  400/1941  (1326s elapsed)
  425/1941  (1406s elapsed)
  450/1941  (1490s elapsed)
  475/1941  (1562s elapsed)
  500/1941  (1646s elapsed)
  525/1941  (1731s elapsed)
  550/1941  (1814s elapsed)
  575/1941  (1898s elapsed)
  600/1941  (1976s elapsed)
  625/1941  (2052s elapsed)
  650/1941  (2138s elapsed)
  675/1941  (2213s elapsed)
  700/1941  (2296s elapsed)
  725/1941  (2385s elapsed)
  750/1941  (2469s elapsed)
  775/1941  (2556s elapsed)
  800/1941  (2629s elapsed)
  825/1941  (2715s elapsed)
  850/1941  (2783s elapsed)
  875/1941  (2868s elapsed)
  900/1941  (2943s elapsed)
  925/1941  (3037s elapsed)
  950/1941  (3116s elapsed)
  975/1941  (3202s elapsed)
  1000/1941  (3284s elapsed)
  1025/1941  (3366s elapsed)
  1050/1941  (3442s elapsed)
  1075/1941  (3527s elapsed)
  1100/1941  (3606s elapsed)
  1125/1941  (3695s elapsed)
  1150/1941  (3771s elapsed)
  1175/1941  (3847s elapsed)
  1200/1941  (3932s elapsed)
  1225/1941  (4010s elapsed)
  1250/1941  (4094s elapsed)
  1275/1941  (4173s elapsed)
  1300/1941  (4251s elapsed)
  1325/1941  (4329s elapsed)
  1350/1941  (4416s elapsed)
  1375/1941  (4498s elapsed)
  1400/1941  (4574s elapsed)
  1425/1941  (4663s elapsed)
  1450/1941  (4750s elapsed)
  1475/1941  (4839s elapsed)
  1500/1941  (4934s elapsed)
  1525/1941  (5017s elapsed)
  1550/1941  (5099s elapsed)
  1575/1941  (5181s elapsed)
  1600/1941  (5267s elapsed)
  1625/1941  (5345s elapsed)
  1650/1941  (5437s elapsed)
  1675/1941  (5527s elapsed)
  1700/1941  (5616s elapsed)
  1725/1941  (5701s elapsed)
  1750/1941  (5796s elapsed)
  1775/1941  (5926s elapsed)
  1800/1941  (6054s elapsed)
  1825/1941  (6178s elapsed)
  1850/1941  (6310s elapsed)
  1875/1941  (6444s elapsed)
  1900/1941  (6566s elapsed)
  1925/1941  (6779s elapsed)
  1941/1941  (7081s elapsed)
  wrote panel.csv: 1941 rows
  wrote fits.csv: 266808 rows
  wrote arbitrage.csv: 11646 rows
  wrote localvol.csv: 11646 rows
  wrote martingale.csv: 34230 rows
  wrote barriers.csv: 474618 rows
  wrote timing.csv: 11292 rows
  wrote dea.csv: 44654 rows
done in 7082.5s
